1786672994 ~5200
1786672994 ~5200
1786672994 ~5200
1786672994 ~5200
1786672994 ~5200
1786672994 ~5200
1786673045 ~7000
1786673045 ~7000
1786673045 ~7000
1786673045 ~7000
1786673045 ~7000
1786673045 ~7000
1786673045 ~7000
1786673045 ~7000
1786673122 ~1200
1786673122 ~1200
1786673170 ~1500
1786673170 ~1500
1786673441 ~2100
1786673441 ~2100
1786673441 ~2100
1786673441 ~2100
1786673711 ~900
1786674542 ~4500
1786674542 ~4500
1786674542 ~4500
1786674542 ~4500
1786674542 ~4500
1786674542 ~4500
1786674542 ~4500
1786674542 ~4500
1786674542 ~4500
1786674542 ~4500
1786674542 ~4500
1786674542 ~4500
1786674542 ~4500
1786674542 ~4500
1786674542 ~4500
